Archive member included to satisfy reference by file (symbol)

c:/st/stm32cubeide_1.7.0/stm32cubeide/plugins/com.st.stm32cube.ide.mcu.externaltools.gnu-tools-for-stm32.9-2020-q2-update.win32_2.0.0.202105311346/tools/bin/../lib/gcc/arm-none-eabi/9.3.1/../../../../arm-none-eabi/lib/thumb/v7-m/nofp\libc_nano.a(lib_a-errno.o)
                              ./Core/Src/syscalls.o (__errno)
c:/st/stm32cubeide_1.7.0/stm32cubeide/plugins/com.st.stm32cube.ide.mcu.externaltools.gnu-tools-for-stm32.9-2020-q2-update.win32_2.0.0.202105311346/tools/bin/../lib/gcc/arm-none-eabi/9.3.1/../../../../arm-none-eabi/lib/thumb/v7-m/nofp\libc_nano.a(lib_a-exit.o)
                              c:/st/stm32cubeide_1.7.0/stm32cubeide/plugins/com.st.stm32cube.ide.mcu.externaltools.gnu-tools-for-stm32.9-2020-q2-update.win32_2.0.0.202105311346/tools/bin/../lib/gcc/arm-none-eabi/9.3.1/../../../../arm-none-eabi/lib/thumb/v7-m/nofp/crt0.o (exit)
c:/st/stm32cubeide_1.7.0/stm32cubeide/plugins/com.st.stm32cube.ide.mcu.externaltools.gnu-tools-for-stm32.9-2020-q2-update.win32_2.0.0.202105311346/tools/bin/../lib/gcc/arm-none-eabi/9.3.1/../../../../arm-none-eabi/lib/thumb/v7-m/nofp\libc_nano.a(lib_a-impure.o)
                              c:/st/stm32cubeide_1.7.0/stm32cubeide/plugins/com.st.stm32cube.ide.mcu.externaltools.gnu-tools-for-stm32.9-2020-q2-update.win32_2.0.0.202105311346/tools/bin/../lib/gcc/arm-none-eabi/9.3.1/../../../../arm-none-eabi/lib/thumb/v7-m/nofp\libc_nano.a(lib_a-exit.o) (_global_impure_ptr)
c:/st/stm32cubeide_1.7.0/stm32cubeide/plugins/com.st.stm32cube.ide.mcu.externaltools.gnu-tools-for-stm32.9-2020-q2-update.win32_2.0.0.202105311346/tools/bin/../lib/gcc/arm-none-eabi/9.3.1/../../../../arm-none-eabi/lib/thumb/v7-m/nofp\libc_nano.a(lib_a-init.o)
                              c:/st/stm32cubeide_1.7.0/stm32cubeide/plugins/com.st.stm32cube.ide.mcu.externaltools.gnu-tools-for-stm32.9-2020-q2-update.win32_2.0.0.202105311346/tools/bin/../lib/gcc/arm-none-eabi/9.3.1/../../../../arm-none-eabi/lib/thumb/v7-m/nofp/crt0.o (__libc_init_array)
c:/st/stm32cubeide_1.7.0/stm32cubeide/plugins/com.st.stm32cube.ide.mcu.externaltools.gnu-tools-for-stm32.9-2020-q2-update.win32_2.0.0.202105311346/tools/bin/../lib/gcc/arm-none-eabi/9.3.1/../../../../arm-none-eabi/lib/thumb/v7-m/nofp\libc_nano.a(lib_a-memset.o)
                              c:/st/stm32cubeide_1.7.0/stm32cubeide/plugins/com.st.stm32cube.ide.mcu.externaltools.gnu-tools-for-stm32.9-2020-q2-update.win32_2.0.0.202105311346/tools/bin/../lib/gcc/arm-none-eabi/9.3.1/../../../../arm-none-eabi/lib/thumb/v7-m/nofp/crt0.o (memset)

Allocating common symbols
Common symbol       size              file

uwTick              0x4               ./Drivers/STM32F1xx_HAL_Driver/Src/stm32f1xx_hal.o
pFlash              0x20              ./Drivers/STM32F1xx_HAL_Driver/Src/stm32f1xx_hal_flash.o
htim2               0x48              ./Core/Src/main.o

Discarded input sections

 .text          0x0000000000000000        0x0 c:/st/stm32cubeide_1.7.0/stm32cubeide/plugins/com.st.stm32cube.ide.mcu.externaltools.gnu-tools-for-stm32.9-2020-q2-update.win32_2.0.0.202105311346/tools/bin/../lib/gcc/arm-none-eabi/9.3.1/thumb/v7-m/nofp/crti.o
 .data          0x0000000000000000        0x0 c:/st/stm32cubeide_1.7.0/stm32cubeide/plugins/com.st.stm32cube.ide.mcu.externaltools.gnu-tools-for-stm32.9-2020-q2-update.win32_2.0.0.202105311346/tools/bin/../lib/gcc/arm-none-eabi/9.3.1/thumb/v7-m/nofp/crti.o
 .bss           0x0000000000000000        0x0 c:/st/stm32cubeide_1.7.0/stm32cubeide/plugins/com.st.stm32cube.ide.mcu.externaltools.gnu-tools-for-stm32.9-2020-q2-update.win32_2.0.0.202105311346/tools/bin/../lib/gcc/arm-none-eabi/9.3.1/thumb/v7-m/nofp/crti.o
 .data          0x0000000000000000        0x4 c:/st/stm32cubeide_1.7.0/stm32cubeide/plugins/com.st.stm32cube.ide.mcu.externaltools.gnu-tools-for-stm32.9-2020-q2-update.win32_2.0.0.202105311346/tools/bin/../lib/gcc/arm-none-eabi/9.3.1/thumb/v7-m/nofp/crtbegin.o
 .text          0x0000000000000000       0x7c c:/st/stm32cubeide_1.7.0/stm32cubeide/plugins/com.st.stm32cube.ide.mcu.externaltools.gnu-tools-for-stm32.9-2020-q2-update.win32_2.0.0.202105311346/tools/bin/../lib/gcc/arm-none-eabi/9.3.1/../../../../arm-none-eabi/lib/thumb/v7-m/nofp/crt0.o
 .data          0x0000000000000000        0x0 c:/st/stm32cubeide_1.7.0/stm32cubeide/plugins/com.st.stm32cube.ide.mcu.externaltools.gnu-tools-for-stm32.9-2020-q2-update.win32_2.0.0.202105311346/tools/bin/../lib/gcc/arm-none-eabi/9.3.1/../../../../arm-none-eabi/lib/thumb/v7-m/nofp/crt0.o
 .bss           0x0000000000000000        0x0 c:/st/stm32cubeide_1.7.0/stm32cubeide/plugins/com.st.stm32cube.ide.mcu.externaltools.gnu-tools-for-stm32.9-2020-q2-update.win32_2.0.0.202105311346/tools/bin/../lib/gcc/arm-none-eabi/9.3.1/../../../../arm-none-eabi/lib/thumb/v7-m/nofp/crt0.o
[...]
Memory Configuration

Name             Origin             Length             Attributes
RAM              0x0000000020000000 0x0000000000002800 xrw
FLASH            0x0000000008000000 0x0000000000008000 xr
*default*        0x0000000000000000 0xffffffffffffffff

Linker script and memory map

LOAD c:/st/stm32cubeide_1.7.0/stm32cubeide/plugins/com.st.stm32cube.ide.mcu.externaltools.gnu-tools-for-stm32.9-2020-q2-update.win32_2.0.0.202105311346/tools/bin/../lib/gcc/arm-none-eabi/9.3.1/thumb/v7-m/nofp/crti.o
LOAD c:/st/stm32cubeide_1.7.0/stm32cubeide/plugins/com.st.stm32cube.ide.mcu.externaltools.gnu-tools-for-stm32.9-2020-q2-update.win32_2.0.0.202105311346/tools/bin/../lib/gcc/arm-none-eabi/9.3.1/thumb/v7-m/nofp/crtbegin.o
LOAD c:/st/stm32cubeide_1.7.0/stm32cubeide/plugins/com.st.stm32cube.ide.mcu.externaltools.gnu-tools-for-stm32.9-2020-q2-update.win32_2.0.0.202105311346/tools/bin/../lib/gcc/arm-none-eabi/9.3.1/../../../../arm-none-eabi/lib/thumb/v7-m/nofp/crt0.o
LOAD ./Core/Src/button.o
LOAD ./Core/Src/fsm_automatic.o
LOAD ./Core/Src/fsm_automatic_2.o
LOAD ./Core/Src/fsm_manual.o
LOAD ./Core/Src/global.o
LOAD ./Core/Src/led_control.o
LOAD ./Core/Src/main.o
LOAD ./Core/Src/software_timer.o
LOAD ./Core/Src/stm32f1xx_hal_msp.o
LOAD ./Core/Src/stm32f1xx_it.o
LOAD ./Core/Src/syscalls.o
LOAD ./Core/Src/sysmem.o
LOAD ./Core/Src/system_stm32f1xx.o
LOAD ./Core/Startup/startup_stm32f103c6ux.o
LOAD ./Drivers/STM32F1xx_HAL_Driver/Src/stm32f1xx_hal.o
LOAD ./Drivers/STM32F1xx_HAL_Driver/Src/stm32f1xx_hal_cortex.o
LOAD ./Drivers/STM32F1xx_HAL_Driver/Src/stm32f1xx_hal_dma.o
LOAD ./Drivers/STM32F1xx_HAL_Driver/Src/stm32f1xx_hal_exti.o
LOAD ./Drivers/STM32F1xx_HAL_Driver/Src/stm32f1xx_hal_flash.o
LOAD ./Drivers/STM32F1xx_HAL_Driver/Src/stm32f1xx_hal_flash_ex.o
LOAD ./Drivers/STM32F1xx_HAL_Driver/Src/stm32f1xx_hal_gpio.o
LOAD ./Drivers/STM32F1xx_HAL_Driver/Src/stm32f1xx_hal_gpio_ex.o
LOAD ./Drivers/STM32F1xx_HAL_Driver/Src/stm32f1xx_hal_pwr.o
LOAD ./Drivers/STM32F1xx_HAL_Driver/Src/stm32f1xx_hal_rcc.o
LOAD ./Drivers/STM32F1xx_HAL_Driver/Src/stm32f1xx_hal_rcc_ex.o
LOAD ./Drivers/STM32F1xx_HAL_Driver/Src/stm32f1xx_hal_tim.o
LOAD ./Drivers/STM32F1xx_HAL_Driver/Src/stm32f1xx_hal_tim_ex.o
START GROUP
LOAD c:/st/stm32cubeide_1.7.0/stm32cubeide/plugins/com.st.stm32cube.ide.mcu.externaltools.gnu-tools-for-stm32.9-2020-q2-update.win32_2.0.0.202105311346/tools/bin/../lib/gcc/arm-none-eabi/9.3.1/../../../../arm-none-eabi/lib/thumb/v7-m/nofp\libc_nano.a
LOAD c:/st/stm32cubeide_1.7.0/stm32cubeide/plugins/com.st.stm32cube.ide.mcu.externaltools.gnu-tools-for-stm32.9-2020-q2-update.win32_2.0.0.202105311346/tools/bin/../lib/gcc/arm-none-eabi/9.3.1/../../../../arm-none-eabi/lib/thumb/v7-m/nofp\libm.a
END GROUP
START GROUP
LOAD c:/st/stm32cubeide_1.7.0/stm32cubeide/plugins/com.st.stm32cube.ide.mcu.externaltools.gnu-tools-for-stm32.9-2020-q2-update.win32_2.0.0.202105311346/tools/bin/../lib/gcc/arm-none-eabi/9.3.1/thumb/v7-m/nofp\libgcc.a
LOAD c:/st/stm32cubeide_1.7.0/stm32cubeide/plugins/com.st.stm32cube.ide.mcu.externaltools.gnu-tools-for-stm32.9-2020-q2-update.win32_2.0.0.202105311346/tools/bin/../lib/gcc/arm-none-eabi/9.3.1/../../../../arm-none-eabi/lib/thumb/v7-m/nofp\libc_nano.a
END GROUP
START GROUP
LOAD c:/st/stm32cubeide_1.7.0/stm32cubeide/plugins/com.st.stm32cube.ide.mcu.externaltools.gnu-tools-for-stm32.9-2020-q2-update.win32_2.0.0.202105311346/tools/bin/../lib/gcc/arm-none-eabi/9.3.1/thumb/v7-m/nofp\libgcc.a
LOAD c:/st/stm32cubeide_1.7.0/stm32cubeide/plugins/com.st.stm32cube.ide.mcu.externaltools.gnu-tools-for-stm32.9-2020-q2-update.win32_2.0.0.202105311346/tools/bin/../lib/gcc/arm-none-eabi/9.3.1/../../../../arm-none-eabi/lib/thumb/v7-m/nofp\libc_nano.a
LOAD c:/st/stm32cubeide_1.7.0/stm32cubeide/plugins/com.st.stm32cube.ide.mcu.externaltools.gnu-tools-for-stm32.9-2020-q2-update.win32_2.0.0.202105311346/tools/bin/../lib/gcc/arm-none-eabi/9.3.1/../../../../arm-none-eabi/lib/thumb/v7-m/nofp\libnosys.a
END GROUP
START GROUP
LOAD c:/st/stm32cubeide_1.7.0/stm32cubeide/plugins/com.st.stm32cube.ide.mcu.externaltools.gnu-tools-for-stm32.9-2020-q2-update.win32_2.0.0.202105311346/tools/bin/../lib/gcc/arm-none-eabi/9.3.1/thumb/v7-m/nofp\libgcc.a
LOAD c:/st/stm32cubeide_1.7.0/stm32cubeide/plugins/com.st.stm32cube.ide.mcu.externaltools.gnu-tools-for-stm32.9-2020-q2-update.win32_2.0.0.202105311346/tools/bin/../lib/gcc/arm-none-eabi/9.3.1/../../../../arm-none-eabi/lib/thumb/v7-m/nofp\libc_nano.a
LOAD c:/st/stm32cubeide_1.7.0/stm32cubeide/plugins/com.st.stm32cube.ide.mcu.externaltools.gnu-tools-for-stm32.9-2020-q2-update.win32_2.0.0.202105311346/tools/bin/../lib/gcc/arm-none-eabi/9.3.1/../../../../arm-none-eabi/lib/thumb/v7-m/nofp\libnosys.a
END GROUP
LOAD c:/st/stm32cubeide_1.7.0/stm32cubeide/plugins/com.st.stm32cube.ide.mcu.externaltools.gnu-tools-for-stm32.9-2020-q2-update.win32_2.0.0.202105311346/tools/bin/../lib/gcc/arm-none-eabi/9.3.1/thumb/v7-m/nofp/crtend.o
LOAD c:/st/stm32cubeide_1.7.0/stm32cubeide/plugins/com.st.stm32cube.ide.mcu.externaltools.gnu-tools-for-stm32.9-2020-q2-update.win32_2.0.0.202105311346/tools/bin/../lib/gcc/arm-none-eabi/9.3.1/thumb/v7-m/nofp/crtn.o
                0x0000000020002800                _estack = (ORIGIN (RAM) + LENGTH (RAM))
                0x0000000000000200                _Min_Heap_Size = 0x200
                0x0000000000000400                _Min_Stack_Size = 0x400

.isr_vector     0x0000000008000000      0x10c
                0x0000000008000000                . = ALIGN (0x4)
 *(.isr_vector)
 .isr_vector    0x0000000008000000      0x10c ./Core/Startup/startup_stm32f103c6ux.o
                0x0000000008000000                g_pfnVectors
                0x000000000800010c                . = ALIGN (0x4)

.text           0x000000000800010c     0x2eb0
                0x000000000800010c                . = ALIGN (0x4)
 *(.text)
 .text          0x000000000800010c       0x40 c:/st/stm32cubeide_1.7.0/stm32cubeide/plugins/com.st.stm32cube.ide.mcu.externaltools.gnu-tools-for-stm32.9-2020-q2-update.win32_2.0.0.202105311346/tools/bin/../lib/gcc/arm-none-eabi/9.3.1/thumb/v7-m/nofp/crtbegin.o
 *(.text*)
 .text.isKeyInput
                0x000000000800014c       0x54 ./Core/Src/button.o
                0x000000000800014c                isKeyInput
 .text.subKeyProcess1
                0x00000000080001a0       0x20 ./Core/Src/button.o
                0x00000000080001a0                subKeyProcess1
 .text.subKeyProcess2
                0x00000000080001c0       0x20 ./Core/Src/button.o
                0x00000000080001c0                subKeyProcess2
 .text.getKeyInput
                0x00000000080001e0      0x114 ./Core/Src/button.o
                0x00000000080001e0                getKeyInput
 .text.is_button_pressed
                0x00000000080002f4       0x40 ./Core/Src/button.o
                0x00000000080002f4                is_button_pressed
 .text.is_button_pressed_1s
                0x0000000008000334       0x40 ./Core/Src/button.o
                0x0000000008000334                is_button_pressed_1s
 .text.fsm_automatic_run
                0x0000000008000374      0x1a0 ./Core/Src/fsm_automatic.o
                0x0000000008000374                fsm_automatic_run
 .text.fsm_automatic_run_2
                0x0000000008000514      0x1f4 ./Core/Src/fsm_automatic_2.o
                0x0000000008000514                fsm_automatic_run_2
 .text.fsm_manual_run
                0x0000000008000708      0x248 ./Core/Src/fsm_manual.o
                0x0000000008000708                fsm_manual_run
 .text.red      0x0000000008000950       0x68 ./Core/Src/led_control.o
                0x0000000008000950                red
 .text.yellow   0x00000000080009b8       0x68 ./Core/Src/led_control.o
                0x00000000080009b8                yellow
 .text.green    0x0000000008000a20       0x68 ./Core/Src/led_control.o
                0x0000000008000a20                green
 .text.toggleRed
                0x0000000008000a88       0x64 ./Core/Src/led_control.o
                0x0000000008000a88                toggleRed
 .text.toggleGreen
                0x0000000008000aec       0x64 ./Core/Src/led_control.o
                0x0000000008000aec                toggleGreen
 .text.toggleYellow
                0x0000000008000b50       0x64 ./Core/Src/led_control.o
                0x0000000008000b50                toggleYellow
 .text.led1Update
                0x0000000008000bb4      0x360 ./Core/Src/led_control.o
                0x0000000008000bb4                led1Update
 .text.led2Update
                0x0000000008000f14      0x3e4 ./Core/Src/led_control.o
                0x0000000008000f14                led2Update
 .text.setLED   0x00000000080012f8       0x30 ./Core/Src/led_control.o
                0x00000000080012f8                setLED
 .text.clearAllLights
                0x0000000008001328       0x18 ./Core/Src/led_control.o
                0x0000000008001328                clearAllLights
 .text.countDownTime
                0x0000000008001340       0x38 ./Core/Src/led_control.o
                0x0000000008001340                countDownTime
 .text.blinkRed
                0x0000000008001378       0x28 ./Core/Src/led_control.o
                0x0000000008001378                blinkRed
 .text.blinkGreen
                0x00000000080013a0       0x28 ./Core/Src/led_control.o
                0x00000000080013a0                blinkGreen
 .text.blinkYellow
                0x00000000080013c8       0x28 ./Core/Src/led_control.o
                0x00000000080013c8                blinkYellow
 .text.main     0x00000000080013f0       0x64 ./Core/Src/main.o
                0x00000000080013f0                main
 .text.SystemClock_Config
                0x0000000008001454       0x76 ./Core/Src/main.o
                0x0000000008001454                SystemClock_Config
 *fill*         0x00000000080014ca        0x2 
 .text.MX_TIM2_Init
                0x00000000080014cc       0x98 ./Core/Src/main.o
 .text.MX_GPIO_Init
                0x0000000008001564       0xc4 ./Core/Src/main.o
 .text.HAL_TIM_PeriodElapsedCallback
                0x0000000008001628       0x18 ./Core/Src/main.o
                0x0000000008001628                HAL_TIM_PeriodElapsedCallback
 .text.Error_Handler
                0x0000000008001640        0xa ./Core/Src/main.o
                0x0000000008001640                Error_Handler
 *fill*         0x000000000800164a        0x2 
 .text.setTimer1
                0x000000000800164c       0x28 ./Core/Src/software_timer.o
                0x000000000800164c                setTimer1
 .text.setTimer2
                0x0000000008001674       0x28 ./Core/Src/software_timer.o
                0x0000000008001674                setTimer2
 .text.setTimer3
                0x000000000800169c       0x28 ./Core/Src/software_timer.o
                0x000000000800169c                setTimer3
 .text.setTimer4
                0x00000000080016c4       0x28 ./Core/Src/software_timer.o
                0x00000000080016c4                setTimer4
 .text.TimeRun  0x00000000080016ec       0xfc ./Core/Src/software_timer.o
                0x00000000080016ec                TimeRun
 .text.HAL_MspInit
                0x00000000080017e8       0x64 ./Core/Src/stm32f1xx_hal_msp.o
                0x00000000080017e8                HAL_MspInit
 .text.HAL_TIM_Base_MspInit
                0x000000000800184c       0x48 ./Core/Src/stm32f1xx_hal_msp.o
                0x000000000800184c                HAL_TIM_Base_MspInit
 .text.NMI_Handler
                0x0000000008001894        0x6 ./Core/Src/stm32f1xx_it.o
                0x0000000008001894                NMI_Handler
 .text.HardFault_Handler
                0x000000000800189a        0x6 ./Core/Src/stm32f1xx_it.o
                0x000000000800189a                HardFault_Handler
 .text.MemManage_Handler
                0x00000000080018a0        0x6 ./Core/Src/stm32f1xx_it.o
                0x00000000080018a0                MemManage_Handler
 .text.BusFault_Handler
                0x00000000080018a6        0x6 ./Core/Src/stm32f1xx_it.o
                0x00000000080018a6                BusFault_Handler
 .text.UsageFault_Handler
                0x00000000080018ac        0x6 ./Core/Src/stm32f1xx_it.o
                0x00000000080018ac                UsageFault_Handler
 .text.SVC_Handler
                0x00000000080018b2        0xc ./Core/Src/stm32f1xx_it.o
                0x00000000080018b2                SVC_Handler
 .text.DebugMon_Handler
                0x00000000080018be        0xc ./Core/Src/stm32f1xx_it.o
                0x00000000080018be                DebugMon_Handler
 .text.PendSV_Handler
                0x00000000080018ca        0xc ./Core/Src/stm32f1xx_it.o
                0x00000000080018ca                PendSV_Handler
 .text.SysTick_Handler
                0x00000000080018d6        0xc ./Core/Src/stm32f1xx_it.o
                0x00000000080018d6                SysTick_Handler
 *fill*         0x00000000080018e2        0x2 
 .text.TIM2_IRQHandler
                0x00000000080018e4       0x14 ./Core/Src/stm32f1xx_it.o
                0x00000000080018e4                TIM2_IRQHandler
 .text.SystemInit
                0x00000000080018f8        0xc ./Core/Src/system_stm32f1xx.o
                0x00000000080018f8                SystemInit
 .text.Reset_Handler
                0x0000000008001904       0x48 ./Core/Startup/startup_stm32f103c6ux.o
                0x0000000008001904                Reset_Handler
 .text.Default_Handler
                0x000000000800194c        0x2 ./Core/Startup/startup_stm32f103c6ux.o
                0x000000000800194c                RTC_Alarm_IRQHandler
                0x000000000800194c                EXTI2_IRQHandler
                0x000000000800194c                TIM1_CC_IRQHandler
                0x000000000800194c                PVD_IRQHandler
                0x000000000800194c                EXTI3_IRQHandler
                0x000000000800194c                EXTI0_IRQHandler
                0x000000000800194c                ADC1_2_IRQHandler
                0x000000000800194c                SPI1_IRQHandler
                0x000000000800194c                TAMPER_IRQHandler
                0x000000000800194c                DMA1_Channel4_IRQHandler
                0x000000000800194c                RTC_IRQHandler
                0x000000000800194c                DMA1_Channel7_IRQHandler
                0x000000000800194c                CAN1_RX1_IRQHandler
                0x000000000800194c                I2C1_EV_IRQHandler
                0x000000000800194c                DMA1_Channel6_IRQHandler
                0x000000000800194c                TIM3_IRQHandler
                0x000000000800194c                RCC_IRQHandler
                0x000000000800194c                TIM1_TRG_COM_IRQHandler
                0x000000000800194c                DMA1_Channel1_IRQHandler
                0x000000000800194c                Default_Handler
                0x000000000800194c                EXTI15_10_IRQHandler
                0x000000000800194c                EXTI9_5_IRQHandler
                0x000000000800194c                DMA1_Channel5_IRQHandler
                0x000000000800194c                EXTI4_IRQHandler
                0x000000000800194c                USB_LP_CAN1_RX0_IRQHandler
                0x000000000800194c                USB_HP_CAN1_TX_IRQHandler
                0x000000000800194c                DMA1_Channel3_IRQHandler
                0x000000000800194c                TIM1_UP_IRQHandler
                0x000000000800194c                WWDG_IRQHandler
                0x000000000800194c                TIM1_BRK_IRQHandler
                0x000000000800194c                EXTI1_IRQHandler
                0x000000000800194c                USART2_IRQHandler
                0x000000000800194c                DMA1_Channel2_IRQHandler
                0x000000000800194c                CAN1_SCE_IRQHandler
                0x000000000800194c                FLASH_IRQHandler
                0x000000000800194c                USART1_IRQHandler
                0x000000000800194c                I2C1_ER_IRQHandler
                0x000000000800194c                USBWakeUp_IRQHandler
 *fill*         0x000000000800194e        0x2 
 .text.HAL_Init
                0x0000000008001950       0x2c ./Drivers/STM32F1xx_HAL_Driver/Src/stm32f1xx_hal.o
                0x0000000008001950                HAL_Init
 .text.HAL_InitTick
                0x000000000800197c       0x60 ./Drivers/STM32F1xx_HAL_Driver/Src/stm32f1xx_hal.o
                0x000000000800197c                HAL_InitTick
 .text.HAL_IncTick
                0x00000000080019dc       0x24 ./Drivers/STM32F1xx_HAL_Driver/Src/stm32f1xx_hal.o
                0x00000000080019dc                HAL_IncTick
 .text.HAL_GetTick
                0x0000000008001a00       0x14 ./Drivers/STM32F1xx_HAL_Driver/Src/stm32f1xx_hal.o
                0x0000000008001a00                HAL_GetTick
 .text.__NVIC_SetPriorityGrouping
                0x0000000008001a14       0x48 ./Drivers/STM32F1xx_HAL_Driver/Src/stm32f1xx_hal_cortex.o
 .text.__NVIC_GetPriorityGrouping
                0x0000000008001a5c       0x1c ./Drivers/STM32F1xx_HAL_Driver/Src/stm32f1xx_hal_cortex.o
 .text.__NVIC_EnableIRQ
                0x0000000008001a78       0x38 ./Drivers/STM32F1xx_HAL_Driver/Src/stm32f1xx_hal_cortex.o
 .text.__NVIC_SetPriority
                0x0000000008001ab0       0x54 ./Drivers/STM32F1xx_HAL_Driver/Src/stm32f1xx_hal_cortex.o
 .text.NVIC_EncodePriority
                0x0000000008001b04       0x64 ./Drivers/STM32F1xx_HAL_Driver/Src/stm32f1xx_hal_cortex.o
 .text.SysTick_Config
                0x0000000008001b68       0x44 ./Drivers/STM32F1xx_HAL_Driver/Src/stm32f1xx_hal_cortex.o
 .text.HAL_NVIC_SetPriorityGrouping
                0x0000000008001bac       0x16 ./Drivers/STM32F1xx_HAL_Driver/Src/stm32f1xx_hal_cortex.o
                0x0000000008001bac                HAL_NVIC_SetPriorityGrouping
 .text.HAL_NVIC_SetPriority
                0x0000000008001bc2       0x38 ./Drivers/STM32F1xx_HAL_Driver/Src/stm32f1xx_hal_cortex.o
                0x0000000008001bc2                HAL_NVIC_SetPriority
 .text.HAL_NVIC_EnableIRQ
                0x0000000008001bfa       0x1c ./Drivers/STM32F1xx_HAL_Driver/Src/stm32f1xx_hal_cortex.o
                0x0000000008001bfa                HAL_NVIC_EnableIRQ
 .text.HAL_SYSTICK_Config
                0x0000000008001c16       0x18 ./Drivers/STM32F1xx_HAL_Driver/Src/stm32f1xx_hal_cortex.o
                0x0000000008001c16                HAL_SYSTICK_Config
 *fill*         0x0000000008001c2e        0x2 
 .text.HAL_GPIO_Init
                0x0000000008001c30      0x2f4 ./Drivers/STM32F1xx_HAL_Driver/Src/stm32f1xx_hal_gpio.o
                0x0000000008001c30                HAL_GPIO_Init
 .text.HAL_GPIO_ReadPin
                0x0000000008001f24       0x2e ./Drivers/STM32F1xx_HAL_Driver/Src/stm32f1xx_hal_gpio.o
                0x0000000008001f24                HAL_GPIO_ReadPin
 .text.HAL_GPIO_WritePin
                0x0000000008001f52       0x30 ./Drivers/STM32F1xx_HAL_Driver/Src/stm32f1xx_hal_gpio.o
                0x0000000008001f52                HAL_GPIO_WritePin
 .text.HAL_GPIO_TogglePin
                0x0000000008001f82       0x32 ./Drivers/STM32F1xx_HAL_Driver/Src/stm32f1xx_hal_gpio.o
                0x0000000008001f82                HAL_GPIO_TogglePin
 .text.HAL_RCC_OscConfig
                0x0000000008001fb4      0x500 ./Drivers/STM32F1xx_HAL_Driver/Src/stm32f1xx_hal_rcc.o
                0x0000000008001fb4                HAL_RCC_OscConfig
 .text.HAL_RCC_ClockConfig
                0x00000000080024b4      0x1d4 ./Drivers/STM32F1xx_HAL_Driver/Src/stm32f1xx_hal_rcc.o
                0x00000000080024b4                HAL_RCC_ClockConfig
 .text.HAL_RCC_GetSysClockFreq
                0x0000000008002688       0xc0 ./Drivers/STM32F1xx_HAL_Driver/Src/stm32f1xx_hal_rcc.o
                0x0000000008002688                HAL_RCC_GetSysClockFreq
 .text.RCC_Delay
                0x0000000008002748       0x3c ./Drivers/STM32F1xx_HAL_Driver/Src/stm32f1xx_hal_rcc.o
 .text.HAL_TIM_Base_Init
                0x0000000008002784       0x9e ./Drivers/STM32F1xx_HAL_Driver/Src/stm32f1xx_hal_tim.o
                0x0000000008002784                HAL_TIM_Base_Init
 *fill*         0x0000000008002822        0x2 
 .text.HAL_TIM_Base_Start_IT
                0x0000000008002824       0x98 ./Drivers/STM32F1xx_HAL_Driver/Src/stm32f1xx_hal_tim.o
                0x0000000008002824                HAL_TIM_Base_Start_IT
 .text.HAL_TIM_IRQHandler
                0x00000000080028bc      0x210 ./Drivers/STM32F1xx_HAL_Driver/Src/stm32f1xx_hal_tim.o
                0x00000000080028bc                HAL_TIM_IRQHandler
 .text.HAL_TIM_ConfigClockSource
                0x0000000008002acc      0x188 ./Drivers/STM32F1xx_HAL_Driver/Src/stm32f1xx_hal_tim.o
                0x0000000008002acc                HAL_TIM_ConfigClockSource
 .text.HAL_TIM_OC_DelayElapsedCallback
                0x0000000008002c54       0x12 ./Drivers/STM32F1xx_HAL_Driver/Src/stm32f1xx_hal_tim.o
                0x0000000008002c54                HAL_TIM_OC_DelayElapsedCallback
 .text.HAL_TIM_IC_CaptureCallback
                0x0000000008002c66       0x12 ./Drivers/STM32F1xx_HAL_Driver/Src/stm32f1xx_hal_tim.o
                0x0000000008002c66                HAL_TIM_IC_CaptureCallback
 .text.HAL_TIM_PWM_PulseFinishedCallback
                0x0000000008002c78       0x12 ./Drivers/STM32F1xx_HAL_Driver/Src/stm32f1xx_hal_tim.o
                0x0000000008002c78                HAL_TIM_PWM_PulseFinishedCallback
 .text.HAL_TIM_TriggerCallback
                0x0000000008002c8a       0x12 ./Drivers/STM32F1xx_HAL_Driver/Src/stm32f1xx_hal_tim.o
                0x0000000008002c8a                HAL_TIM_TriggerCallback
 .text.TIM_Base_SetConfig
                0x0000000008002c9c       0xb0 ./Drivers/STM32F1xx_HAL_Driver/Src/stm32f1xx_hal_tim.o
                0x0000000008002c9c                TIM_Base_SetConfig
 .text.TIM_TI1_ConfigInputStage
                0x0000000008002d4c       0x5c ./Drivers/STM32F1xx_HAL_Driver/Src/stm32f1xx_hal_tim.o
 .text.TIM_TI2_ConfigInputStage
                0x0000000008002da8       0x5e ./Drivers/STM32F1xx_HAL_Driver/Src/stm32f1xx_hal_tim.o
 .text.TIM_ITRx_SetConfig
                0x0000000008002e06       0x34 ./Drivers/STM32F1xx_HAL_Driver/Src/stm32f1xx_hal_tim.o
 .text.TIM_ETR_SetConfig
                0x0000000008002e3a       0x3e ./Drivers/STM32F1xx_HAL_Driver/Src/stm32f1xx_hal_tim.o
                0x0000000008002e3a                TIM_ETR_SetConfig
 .text.HAL_TIMEx_MasterConfigSynchronization
                0x0000000008002e78       0xb0 ./Drivers/STM32F1xx_HAL_Driver/Src/stm32f1xx_hal_tim_ex.o
                0x0000000008002e78                HAL_TIMEx_MasterConfigSynchronization
 .text.HAL_TIMEx_CommutCallback
                0x0000000008002f28       0x12 ./Drivers/STM32F1xx_HAL_Driver/Src/stm32f1xx_hal_tim_ex.o
                0x0000000008002f28                HAL_TIMEx_CommutCallback
 .text.HAL_TIMEx_BreakCallback
                0x0000000008002f3a       0x12 ./Drivers/STM32F1xx_HAL_Driver/Src/stm32f1xx_hal_tim_ex.o
                0x0000000008002f3a                HAL_TIMEx_BreakCallback
 .text.__libc_init_array
                0x0000000008002f4c       0x48 c:/st/stm32cubeide_1.7.0/stm32cubeide/plugins/com.st.stm32cube.ide.mcu.externaltools.gnu-tools-for-stm32.9-2020-q2-update.win32_2.0.0.202105311346/tools/bin/../lib/gcc/arm-none-eabi/9.3.1/../../../../arm-none-eabi/lib/thumb/v7-m/nofp\libc_nano.a(lib_a-init.o)
                0x0000000008002f4c                __libc_init_array
 .text.memset   0x0000000008002f94       0x10 c:/st/stm32cubeide_1.7.0/stm32cubeide/plugins/com.st.stm32cube.ide.mcu.externaltools.gnu-tools-for-stm32.9-2020-q2-update.win32_2.0.0.202105311346/tools/bin/../lib/gcc/arm-none-eabi/9.3.1/../../../../arm-none-eabi/lib/thumb/v7-m/nofp\libc_nano.a(lib_a-memset.o)
                0x0000000008002f94                memset
 *(.glue_7)
 .glue_7        0x0000000008002fa4        0x0 linker stubs
 *(.glue_7t)
 .glue_7t       0x0000000008002fa4        0x0 linker stubs
 *(.eh_frame)
 .eh_frame      0x0000000008002fa4        0x0 c:/st/stm32cubeide_1.7.0/stm32cubeide/plugins/com.st.stm32cube.ide.mcu.externaltools.gnu-tools-for-stm32.9-2020-q2-update.win32_2.0.0.202105311346/tools/bin/../lib/gcc/arm-none-eabi/9.3.1/thumb/v7-m/nofp/crtbegin.o
 *(.init)
 .init          0x0000000008002fa4        0x4 c:/st/stm32cubeide_1.7.0/stm32cubeide/plugins/com.st.stm32cube.ide.mcu.externaltools.gnu-tools-for-stm32.9-2020-q2-update.win32_2.0.0.202105311346/tools/bin/../lib/gcc/arm-none-eabi/9.3.1/thumb/v7-m/nofp/crti.o
                0x0000000008002fa4                _init
 .init          0x0000000008002fa8        0x8 c:/st/stm32cubeide_1.7.0/stm32cubeide/plugins/com.st.stm32cube.ide.mcu.externaltools.gnu-tools-for-stm32.9-2020-q2-update.win32_2.0.0.202105311346/tools/bin/../lib/gcc/arm-none-eabi/9.3.1/thumb/v7-m/nofp/crtn.o
 *(.fini)
 .fini          0x0000000008002fb0        0x4 c:/st/stm32cubeide_1.7.0/stm32cubeide/plugins/com.st.stm32cube.ide.mcu.externaltools.gnu-tools-for-stm32.9-2020-q2-update.win32_2.0.0.202105311346/tools/bin/../lib/gcc/arm-none-eabi/9.3.1/thumb/v7-m/nofp/crti.o
                0x0000000008002fb0                _fini
 .fini          0x0000000008002fb4        0x8 c:/st/stm32cubeide_1.7.0/stm32cubeide/plugins/com.st.stm32cube.ide.mcu.externaltools.gnu-tools-for-stm32.9-2020-q2-update.win32_2.0.0.202105311346/tools/bin/../lib/gcc/arm-none-eabi/9.3.1/thumb/v7-m/nofp/crtn.o
                0x0000000008002fbc                . = ALIGN (0x4)
                0x0000000008002fbc                _etext = .

.vfp11_veneer   0x0000000008002fbc        0x0
 .vfp11_veneer  0x0000000008002fbc        0x0 linker stubs

.v4_bx          0x0000000008002fbc        0x0
 .v4_bx         0x0000000008002fbc        0x0 linker stubs

.iplt           0x0000000008002fbc        0x0
 .iplt          0x0000000008002fbc        0x0 c:/st/stm32cubeide_1.7.0/stm32cubeide/plugins/com.st.stm32cube.ide.mcu.externaltools.gnu-tools-for-stm32.9-2020-q2-update.win32_2.0.0.202105311346/tools/bin/../lib/gcc/arm-none-eabi/9.3.1/thumb/v7-m/nofp/crtbegin.o

.rodata         0x0000000008002fbc       0x20
                0x0000000008002fbc                . = ALIGN (0x4)
 *(.rodata)
 .rodata        0x0000000008002fbc       0x10 ./Drivers/STM32F1xx_HAL_Driver/Src/stm32f1xx_hal_rcc.o
 *(.rodata*)
 .rodata.AHBPrescTable
                0x0000000008002fcc       0x10 ./Core/Src/system_stm32f1xx.o
                0x0000000008002fcc                AHBPrescTable
                0x0000000008002fdc                . = ALIGN (0x4)

.rel.dyn        0x0000000008002fdc        0x0
 .rel.iplt      0x0000000008002fdc        0x0 c:/st/stm32cubeide_1.7.0/stm32cubeide/plugins/com.st.stm32cube.ide.mcu.externaltools.gnu-tools-for-stm32.9-2020-q2-update.win32_2.0.0.202105311346/tools/bin/../lib/gcc/arm-none-eabi/9.3.1/thumb/v7-m/nofp/crtbegin.o

.ARM.extab      0x0000000008002fdc        0x0
                0x0000000008002fdc                . = ALIGN (0x4)
 *(.ARM.extab* .gnu.linkonce.armextab.*)
                0x0000000008002fdc                . = ALIGN (0x4)

.ARM            0x0000000008002fdc        0x0
                0x0000000008002fdc                . = ALIGN (0x4)
                0x0000000008002fdc                __exidx_start = .
 *(.ARM.exidx*)
                0x0000000008002fdc                __exidx_end = .
                0x0000000008002fdc                . = ALIGN (0x4)

.preinit_array  0x0000000008002fdc        0x0
                0x0000000008002fdc                . = ALIGN (0x4)
                0x0000000008002fdc                PROVIDE (__preinit_array_start = .)
 *(.preinit_array*)
                0x0000000008002fdc                PROVIDE (__preinit_array_end = .)
                0x0000000008002fdc                . = ALIGN (0x4)

.init_array     0x0000000008002fdc        0x4
                0x0000000008002fdc                . = ALIGN (0x4)
                0x0000000008002fdc                PROVIDE (__init_array_start = .)
 *(SORT_BY_NAME(.init_array.*))
 *(.init_array*)
 .init_array    0x0000000008002fdc        0x4 c:/st/stm32cubeide_1.7.0/stm32cubeide/plugins/com.st.stm32cube.ide.mcu.externaltools.gnu-tools-for-stm32.9-2020-q2-update.win32_2.0.0.202105311346/tools/bin/../lib/gcc/arm-none-eabi/9.3.1/thumb/v7-m/nofp/crtbegin.o
                0x0000000008002fe0                PROVIDE (__init_array_end = .)
                0x0000000008002fe0                . = ALIGN (0x4)

.fini_array     0x0000000008002fe0        0x4
                0x0000000008002fe0                . = ALIGN (0x4)
                [!provide]                        PROVIDE (__fini_array_start = .)
 *(SORT_BY_NAME(.fini_array.*))
 *(.fini_array*)
 .fini_array    0x0000000008002fe0        0x4 c:/st/stm32cubeide_1.7.0/stm32cubeide/plugins/com.st.stm32cube.ide.mcu.externaltools.gnu-tools-for-stm32.9-2020-q2-update.win32_2.0.0.202105311346/tools/bin/../lib/gcc/arm-none-eabi/9.3.1/thumb/v7-m/nofp/crtbegin.o
                [!provide]                        PROVIDE (__fini_array_end = .)
                0x0000000008002fe4                . = ALIGN (0x4)
                0x0000000008002fe4                _sidata = LOADADDR (.data)

.data           0x0000000020000000       0x40 load address 0x0000000008002fe4
                0x0000000020000000                . = ALIGN (0x4)
                0x0000000020000000                _sdata = .
 *(.data)
 *(.data*)
 .data.prev_Key
                0x0000000020000000        0x3 ./Core/Src/button.o
 *fill*         0x0000000020000003        0x1 
 .data.flagForButtonPressed
                0x0000000020000004        0xc ./Core/Src/button.o
 .data.flagForButtonPressed1s
                0x0000000020000010        0xc ./Core/Src/button.o
 .data.counterForButtonPressed1s
                0x000000002000001c        0xc ./Core/Src/button.o
 .data.red_time
                0x0000000020000028        0x4 ./Core/Src/global.o
                0x0000000020000028                red_time
 .data.green_time
                0x000000002000002c        0x4 ./Core/Src/global.o
                0x000000002000002c                green_time
 .data.yellow_time
                0x0000000020000030        0x4 ./Core/Src/global.o
                0x0000000020000030                yellow_time
 .data.SystemCoreClock
                0x0000000020000034        0x4 ./Core/Src/system_stm32f1xx.o
                0x0000000020000034                SystemCoreClock
 .data.uwTickPrio
                0x0000000020000038        0x4 ./Drivers/STM32F1xx_HAL_Driver/Src/stm32f1xx_hal.o
                0x0000000020000038                uwTickPrio
 .data.uwTickFreq
                0x000000002000003c        0x1 ./Drivers/STM32F1xx_HAL_Driver/Src/stm32f1xx_hal.o
                0x000000002000003c                uwTickFreq
 *(.RamFunc)
 *(.RamFunc*)
                0x0000000020000040                . = ALIGN (0x4)
 *fill*         0x000000002000003d        0x3 
                0x0000000020000040                _edata = .

.igot.plt       0x0000000020000040        0x0 load address 0x0000000008003024
 .igot.plt      0x0000000020000040        0x0 c:/st/stm32cubeide_1.7.0/stm32cubeide/plugins/com.st.stm32cube.ide.mcu.externaltools.gnu-tools-for-stm32.9-2020-q2-update.win32_2.0.0.202105311346/tools/bin/../lib/gcc/arm-none-eabi/9.3.1/thumb/v7-m/nofp/crtbegin.o
                0x0000000020000040                . = ALIGN (0x4)

.bss            0x0000000020000040       0xb8 load address 0x0000000008003024
                0x0000000020000040                _sbss = .
                0x0000000020000040                __bss_start__ = _sbss
 *(.bss)
 .bss           0x0000000020000040       0x1c c:/st/stm32cubeide_1.7.0/stm32cubeide/plugins/com.st.stm32cube.ide.mcu.externaltools.gnu-tools-for-stm32.9-2020-q2-update.win32_2.0.0.202105311346/tools/bin/../lib/gcc/arm-none-eabi/9.3.1/thumb/v7-m/nofp/crtbegin.o
 *(.bss*)
 .bss.keyReg1   0x000000002000005c        0x3 ./Core/Src/button.o
 *fill*         0x000000002000005f        0x1 
 .bss.keyReg2   0x0000000020000060        0x3 ./Core/Src/button.o
 *fill*         0x0000000020000063        0x1 
 .bss.keyReg0   0x0000000020000064        0x3 ./Core/Src/button.o
 *fill*         0x0000000020000067        0x1 
 .bss.status_1  0x0000000020000068        0x4 ./Core/Src/global.o
                0x0000000020000068                status_1
 .bss.status_2  0x000000002000006c        0x4 ./Core/Src/global.o
                0x000000002000006c                status_2
 .bss.status_3  0x0000000020000070        0x4 ./Core/Src/global.o
                0x0000000020000070                status_3
 .bss.time_1    0x0000000020000074        0x4 ./Core/Src/global.o
                0x0000000020000074                time_1
 .bss.time_2    0x0000000020000078        0x4 ./Core/Src/global.o
                0x0000000020000078                time_2
 .bss.timer1_flag
                0x000000002000007c        0x4 ./Core/Src/software_timer.o
                0x000000002000007c                timer1_flag
 .bss.timer1_counter
                0x0000000020000080        0x4 ./Core/Src/software_timer.o
                0x0000000020000080                timer1_counter
 .bss.timer2_flag
                0x0000000020000084        0x4 ./Core/Src/software_timer.o
                0x0000000020000084                timer2_flag
 .bss.timer2_counter
                0x0000000020000088        0x4 ./Core/Src/software_timer.o
                0x0000000020000088                timer2_counter
 .bss.timer3_flag
                0x000000002000008c        0x4 ./Core/Src/software_timer.o
                0x000000002000008c                timer3_flag
 .bss.timer3_counter
                0x0000000020000090        0x4 ./Core/Src/software_timer.o
                0x0000000020000090                timer3_counter
 .bss.timer4_flag
                0x0000000020000094        0x4 ./Core/Src/software_timer.o
                0x0000000020000094                timer4_flag
 .bss.timer4_counter
                0x0000000020000098        0x4 ./Core/Src/software_timer.o
                0x0000000020000098                timer4_counter
 .bss.timer5_flag
                0x000000002000009c        0x4 ./Core/Src/software_timer.o
                0x000000002000009c                timer5_flag
 .bss.timer5_counter
                0x00000000200000a0        0x4 ./Core/Src/software_timer.o
                0x00000000200000a0                timer5_counter
 .bss.timer6_flag
                0x00000000200000a4        0x4 ./Core/Src/software_timer.o
                0x00000000200000a4                timer6_flag
 .bss.timer6_counter
                0x00000000200000a8        0x4 ./Core/Src/software_timer.o
                0x00000000200000a8                timer6_counter
 *(COMMON)
 COMMON         0x00000000200000ac       0x48 ./Core/Src/main.o
                0x00000000200000ac                htim2
 COMMON         0x00000000200000f4        0x4 ./Drivers/STM32F1xx_HAL_Driver/Src/stm32f1xx_hal.o
                0x00000000200000f4                uwTick
                0x00000000200000f8                . = ALIGN (0x4)
                0x00000000200000f8                _ebss = .
                0x00000000200000f8                __bss_end__ = _ebss

._user_heap_stack
                0x00000000200000f8      0x600 load address 0x0000000008003024
                0x00000000200000f8                . = ALIGN (0x8)
                [!provide]                        PROVIDE (end = .)
                0x00000000200000f8                PROVIDE (_end = .)
                0x00000000200002f8                . = (. + _Min_Heap_Size)
 *fill*         0x00000000200000f8      0x200 
                0x00000000200006f8                . = (. + _Min_Stack_Size)
 *fill*         0x00000000200002f8      0x400 
                0x00000000200006f8                . = ALIGN (0x8)

/DISCARD/
 libc.a(*)
 libm.a(*)
 libgcc.a(*)

.ARM.attributes
                0x0000000000000000       0x29
 *(.ARM.attributes)
 .ARM.attributes
                0x0000000000000000       0x1d c:/st/stm32cubeide_1.7.0/stm32cubeide/plugins/com.st.stm32cube.ide.mcu.externaltools.gnu-tools-for-stm32.9-2020-q2-update.win32_2.0.0.202105311346/tools/bin/../lib/gcc/arm-none-eabi/9.3.1/thumb/v7-m/nofp/crti.o
 .ARM.attributes
                0x000000000000001d       0x2d c:/st/stm32cubeide_1.7.0/stm32cubeide/plugins/com.st.stm32cube.ide.mcu.externaltools.gnu-tools-for-stm32.9-2020-q2-update.win32_2.0.0.202105311346/tools/bin/../lib/gcc/arm-none-eabi/9.3.1/thumb/v7-m/nofp/crtbegin.o
 .ARM.attributes
                0x000000000000004a       0x2d ./Core/Src/button.o
 .ARM.attributes
                0x0000000000000077       0x2d ./Core/Src/fsm_automatic.o
 .ARM.attributes
                0x00000000000000a4       0x2d ./Core/Src/fsm_automatic_2.o
 .ARM.attributes
                0x00000000000000d1       0x2d ./Core/Src/fsm_manual.o
 .ARM.attributes
                0x00000000000000fe       0x33 ./Core/Src/global.o
 .ARM.attributes
                0x0000000000000131       0x2d ./Core/Src/led_control.o
 .ARM.attributes
                0x000000000000015e       0x2d ./Core/Src/main.o
 .ARM.attributes
                0x000000000000018b       0x2d ./Core/Src/software_timer.o
 .ARM.attributes
                0x00000000000001b8       0x2d ./Core/Src/stm32f1xx_hal_msp.o
 .ARM.attributes
                0x00000000000001e5       0x2d ./Core/Src/stm32f1xx_it.o
 .ARM.attributes
                0x0000000000000212       0x2d ./Core/Src/system_stm32f1xx.o
 .ARM.attributes
                0x000000000000023f       0x21 ./Core/Startup/startup_stm32f103c6ux.o
 .ARM.attributes
                0x0000000000000260       0x2d ./Drivers/STM32F1xx_HAL_Driver/Src/stm32f1xx_hal.o
 .ARM.attributes
                0x000000000000028d       0x2d ./Drivers/STM32F1xx_HAL_Driver/Src/stm32f1xx_hal_cortex.o
 .ARM.attributes
                0x00000000000002ba       0x2d ./Drivers/STM32F1xx_HAL_Driver/Src/stm32f1xx_hal_gpio.o
 .ARM.attributes
                0x00000000000002e7       0x2d ./Drivers/STM32F1xx_HAL_Driver/Src/stm32f1xx_hal_rcc.o
 .ARM.attributes
                0x0000000000000314       0x2d ./Drivers/STM32F1xx_HAL_Driver/Src/stm32f1xx_hal_tim.o
 .ARM.attributes
                0x0000000000000341       0x2d ./Drivers/STM32F1xx_HAL_Driver/Src/stm32f1xx_hal_tim_ex.o
 .ARM.attributes
                0x000000000000036e       0x2d c:/st/stm32cubeide_1.7.0/stm32cubeide/plugins/com.st.stm32cube.ide.mcu.externaltools.gnu-tools-for-stm32.9-2020-q2-update.win32_2.0.0.202105311346/tools/bin/../lib/gcc/arm-none-eabi/9.3.1/../../../../arm-none-eabi/lib/thumb/v7-m/nofp\libc_nano.a(lib_a-init.o)
 .ARM.attributes
                0x000000000000039b       0x2d c:/st/stm32cubeide_1.7.0/stm32cubeide/plugins/com.st.stm32cube.ide.mcu.externaltools.gnu-tools-for-stm32.9-2020-q2-update.win32_2.0.0.202105311346/tools/bin/../lib/gcc/arm-none-eabi/9.3.1/../../../../arm-none-eabi/lib/thumb/v7-m/nofp\libc_nano.a(lib_a-memset.o)
 .ARM.attributes
                0x00000000000003c8       0x1d c:/st/stm32cubeide_1.7.0/stm32cubeide/plugins/com.st.stm32cube.ide.mcu.externaltools.gnu-tools-for-stm32.9-2020-q2-update.win32_2.0.0.202105311346/tools/bin/../lib/gcc/arm-none-eabi/9.3.1/thumb/v7-m/nofp/crtn.o
OUTPUT(timer_interupt.elf elf32-littlearm)
LOAD linker stubs
LOAD c:/st/stm32cubeide_1.7.0/stm32cubeide/plugins/com.st.stm32cube.ide.mcu.externaltools.gnu-tools-for-stm32.9-2020-q2-update.win32_2.0.0.202105311346/tools/bin/../lib/gcc/arm-none-eabi/9.3.1/../../../../arm-none-eabi/lib/thumb/v7-m/nofp\libc.a
LOAD c:/st/stm32cubeide_1.7.0/stm32cubeide/plugins/com.st.stm32cube.ide.mcu.externaltools.gnu-tools-for-stm32.9-2020-q2-update.win32_2.0.0.202105311346/tools/bin/../lib/gcc/arm-none-eabi/9.3.1/../../../../arm-none-eabi/lib/thumb/v7-m/nofp\libm.a
LOAD c:/st/stm32cubeide_1.7.0/stm32cubeide/plugins/com.st.stm32cube.ide.mcu.externaltools.gnu-tools-for-stm32.9-2020-q2-update.win32_2.0.0.202105311346/tools/bin/../lib/gcc/arm-none-eabi/9.3.1/thumb/v7-m/nofp\libgcc.a

.debug_info     0x0000000000000000     0x9765
 .debug_info    0x0000000000000000      0x3cb ./Core/Src/button.o
 .debug_info    0x00000000000003cb      0x277 ./Core/Src/fsm_automatic.o
 .debug_info    0x0000000000000642      0x277 ./Core/Src/fsm_automatic_2.o
 .debug_info    0x00000000000008b9      0x265 ./Core/Src/fsm_manual.o
 .debug_info    0x0000000000000b1e      0x290 ./Core/Src/global.o
 .debug_info    0x0000000000000dae      0x4ad ./Core/Src/led_control.o
 .debug_info    0x000000000000125b      0xc3a ./Core/Src/main.o
 .debug_info    0x0000000000001e95      0x285 ./Core/Src/software_timer.o
 .debug_info    0x000000000000211a      0xa04 ./Core/Src/stm32f1xx_hal_msp.o
 .debug_info    0x0000000000002b1e      0x7b4 ./Core/Src/stm32f1xx_it.o
 .debug_info    0x00000000000032d2      0x2be ./Core/Src/system_stm32f1xx.o
 .debug_info    0x0000000000003590       0x22 ./Core/Startup/startup_stm32f103c6ux.o
 .debug_info    0x00000000000035b2      0x74c ./Drivers/STM32F1xx_HAL_Driver/Src/stm32f1xx_hal.o
 .debug_info    0x0000000000003cfe      0xbbe ./Drivers/STM32F1xx_HAL_Driver/Src/stm32f1xx_hal_cortex.o
 .debug_info    0x00000000000048bc      0x701 ./Drivers/STM32F1xx_HAL_Driver/Src/stm32f1xx_hal_gpio.o
 .debug_info    0x0000000000004fbd      0x88e ./Drivers/STM32F1xx_HAL_Driver/Src/stm32f1xx_hal_rcc.o
 .debug_info    0x000000000000584b     0x2a45 ./Drivers/STM32F1xx_HAL_Driver/Src/stm32f1xx_hal_tim.o
 .debug_info    0x0000000000008290     0x14d5 ./Drivers/STM32F1xx_HAL_Driver/Src/stm32f1xx_hal_tim_ex.o

.debug_abbrev   0x0000000000000000     0x1c60
 .debug_abbrev  0x0000000000000000      0x18a ./Core/Src/button.o
 .debug_abbrev  0x000000000000018a      0x101 ./Core/Src/fsm_automatic.o
 .debug_abbrev  0x000000000000028b      0x101 ./Core/Src/fsm_automatic_2.o
 .debug_abbrev  0x000000000000038c       0xec ./Core/Src/fsm_manual.o
 .debug_abbrev  0x0000000000000478       0xa9 ./Core/Src/global.o
 .debug_abbrev  0x0000000000000521      0x195 ./Core/Src/led_control.o
 .debug_abbrev  0x00000000000006b6      0x248 ./Core/Src/main.o
 .debug_abbrev  0x00000000000008fe       0xb6 ./Core/Src/software_timer.o
 .debug_abbrev  0x00000000000009b4      0x1b7 ./Core/Src/stm32f1xx_hal_msp.o
 .debug_abbrev  0x0000000000000b6b      0x176 ./Core/Src/stm32f1xx_it.o
 .debug_abbrev  0x0000000000000ce1      0x14e ./Core/Src/system_stm32f1xx.o
 .debug_abbrev  0x0000000000000e2f       0x12 ./Core/Startup/startup_stm32f103c6ux.o
 .debug_abbrev  0x0000000000000e41      0x1ed ./Drivers/STM32F1xx_HAL_Driver/Src/stm32f1xx_hal.o
 .debug_abbrev  0x000000000000102e      0x313 ./Drivers/STM32F1xx_HAL_Driver/Src/stm32f1xx_hal_cortex.o
 .debug_abbrev  0x0000000000001341      0x1e8 ./Drivers/STM32F1xx_HAL_Driver/Src/stm32f1xx_hal_gpio.o
 .debug_abbrev  0x0000000000001529      0x273 ./Drivers/STM32F1xx_HAL_Driver/Src/stm32f1xx_hal_rcc.o
 .debug_abbrev  0x000000000000179c      0x25e ./Drivers/STM32F1xx_HAL_Driver/Src/stm32f1xx_hal_tim.o
 .debug_abbrev  0x00000000000019fa      0x266 ./Drivers/STM32F1xx_HAL_Driver/Src/stm32f1xx_hal_tim_ex.o

.debug_aranges  0x0000000000000000      0xaf0
 .debug_aranges
                0x0000000000000000       0x48 ./Core/Src/button.o
 .debug_aranges
                0x0000000000000048       0x20 ./Core/Src/fsm_automatic.o
 .debug_aranges
                0x0000000000000068       0x20 ./Core/Src/fsm_automatic_2.o
 .debug_aranges
                0x0000000000000088       0x20 ./Core/Src/fsm_manual.o
 .debug_aranges
                0x00000000000000a8       0x18 ./Core/Src/global.o
 .debug_aranges
                0x00000000000000c0       0x88 ./Core/Src/led_control.o
 .debug_aranges
                0x0000000000000148       0x48 ./Core/Src/main.o
 .debug_aranges
                0x0000000000000190       0x78 ./Core/Src/software_timer.o
 .debug_aranges
                0x0000000000000208       0x30 ./Core/Src/stm32f1xx_hal_msp.o
 .debug_aranges
                0x0000000000000238       0x68 ./Core/Src/stm32f1xx_it.o
 .debug_aranges
                0x00000000000002a0       0x28 ./Core/Src/system_stm32f1xx.o
 .debug_aranges
                0x00000000000002c8       0x28 ./Core/Startup/startup_stm32f103c6ux.o
 .debug_aranges
                0x00000000000002f0       0xe0 ./Drivers/STM32F1xx_HAL_Driver/Src/stm32f1xx_hal.o
 .debug_aranges
                0x00000000000003d0      0x100 ./Drivers/STM32F1xx_HAL_Driver/Src/stm32f1xx_hal_cortex.o
 .debug_aranges
                0x00000000000004d0       0x58 ./Drivers/STM32F1xx_HAL_Driver/Src/stm32f1xx_hal_gpio.o
 .debug_aranges
                0x0000000000000528       0x90 ./Drivers/STM32F1xx_HAL_Driver/Src/stm32f1xx_hal_rcc.o
 .debug_aranges
                0x00000000000005b8      0x3d0 ./Drivers/STM32F1xx_HAL_Driver/Src/stm32f1xx_hal_tim.o
 .debug_aranges
                0x0000000000000988      0x168 ./Drivers/STM32F1xx_HAL_Driver/Src/stm32f1xx_hal_tim_ex.o

.debug_ranges   0x0000000000000000      0x9d0
 .debug_ranges  0x0000000000000000       0x38 ./Core/Src/button.o
 .debug_ranges  0x0000000000000038       0x10 ./Core/Src/fsm_automatic.o
 .debug_ranges  0x0000000000000048       0x10 ./Core/Src/fsm_automatic_2.o
 .debug_ranges  0x0000000000000058       0x10 ./Core/Src/fsm_manual.o
 .debug_ranges  0x0000000000000068       0x78 ./Core/Src/led_control.o
 .debug_ranges  0x00000000000000e0       0x38 ./Core/Src/main.o
 .debug_ranges  0x0000000000000118       0x68 ./Core/Src/software_timer.o
 .debug_ranges  0x0000000000000180       0x20 ./Core/Src/stm32f1xx_hal_msp.o
 .debug_ranges  0x00000000000001a0       0x58 ./Core/Src/stm32f1xx_it.o
 .debug_ranges  0x00000000000001f8       0x18 ./Core/Src/system_stm32f1xx.o
 .debug_ranges  0x0000000000000210       0x20 ./Core/Startup/startup_stm32f103c6ux.o
 .debug_ranges  0x0000000000000230       0xd0 ./Drivers/STM32F1xx_HAL_Driver/Src/stm32f1xx_hal.o
 .debug_ranges  0x0000000000000300       0xf0 ./Drivers/STM32F1xx_HAL_Driver/Src/stm32f1xx_hal_cortex.o
 .debug_ranges  0x00000000000003f0       0x48 ./Drivers/STM32F1xx_HAL_Driver/Src/stm32f1xx_hal_gpio.o
 .debug_ranges  0x0000000000000438       0x80 ./Drivers/STM32F1xx_HAL_Driver/Src/stm32f1xx_hal_rcc.o
 .debug_ranges  0x00000000000004b8      0x3c0 ./Drivers/STM32F1xx_HAL_Driver/Src/stm32f1xx_hal_tim.o
 .debug_ranges  0x0000000000000878      0x158 ./Drivers/STM32F1xx_HAL_Driver/Src/stm32f1xx_hal_tim_ex.o

.debug_macro    0x0000000000000000    0x16ec9
 .debug_macro   0x0000000000000000      0x1c9 ./Core/Src/button.o
 .debug_macro   0x00000000000001c9      0xa9c ./Core/Src/button.o
 .debug_macro   0x0000000000000c65      0x215 ./Core/Src/button.o
 .debug_macro   0x0000000000000e7a       0x2e ./Core/Src/button.o
 .debug_macro   0x0000000000000ea8       0x22 ./Core/Src/button.o
 .debug_macro   0x0000000000000eca       0x22 ./Core/Src/button.o
 .debug_macro   0x0000000000000eec       0x8e ./Core/Src/button.o
 .debug_macro   0x0000000000000f7a       0x51 ./Core/Src/button.o
 .debug_macro   0x0000000000000fcb      0x103 ./Core/Src/button.o
 .debug_macro   0x00000000000010ce       0x6a ./Core/Src/button.o
 .debug_macro   0x0000000000001138      0x1df ./Core/Src/button.o
 .debug_macro   0x0000000000001317       0x1c ./Core/Src/button.o
 .debug_macro   0x0000000000001333       0x22 ./Core/Src/button.o
 .debug_macro   0x0000000000001355       0xc3 ./Core/Src/button.o
 .debug_macro   0x0000000000001418      0xd23 ./Core/Src/button.o
 .debug_macro   0x000000000000213b     0xde75 ./Core/Src/button.o
 .debug_macro   0x000000000000ffb0       0x6d ./Core/Src/button.o
 .debug_macro   0x000000000001001d     0x3468 ./Core/Src/button.o
 .debug_macro   0x0000000000013485      0x174 ./Core/Src/button.o
 .debug_macro   0x00000000000135f9       0x5c ./Core/Src/button.o
 .debug_macro   0x0000000000013655      0x5be ./Core/Src/button.o
 .debug_macro   0x0000000000013c13      0x1b7 ./Core/Src/button.o
 .debug_macro   0x0000000000013dca      0x1cb ./Core/Src/button.o
 .debug_macro   0x0000000000013f95      0x114 ./Core/Src/button.o
 .debug_macro   0x00000000000140a9      0x1b2 ./Core/Src/button.o
 .debug_macro   0x000000000001425b       0x27 ./Core/Src/button.o
 .debug_macro   0x0000000000014282      0x12f ./Core/Src/button.o
 .debug_macro   0x00000000000143b1      0x1bc ./Core/Src/button.o
 .debug_macro   0x000000000001456d       0x34 ./Core/Src/button.o
 .debug_macro   0x00000000000145a1       0x3c ./Core/Src/button.o
 .debug_macro   0x00000000000145dd       0x57 ./Core/Src/button.o
 .debug_macro   0x0000000000014634       0x88 ./Core/Src/button.o
 .debug_macro   0x00000000000146bc      0x183 ./Core/Src/button.o
 .debug_macro   0x000000000001483f      0x141 ./Core/Src/button.o
 .debug_macro   0x0000000000014980      0x8d1 ./Core/Src/button.o
 .debug_macro   0x0000000000015251       0x69 ./Core/Src/button.o
 .debug_macro   0x00000000000152ba      0x118 ./Core/Src/button.o
 .debug_macro   0x00000000000153d2      0x1e2 ./Core/Src/fsm_automatic.o
 .debug_macro   0x00000000000155b4       0x6a ./Core/Src/fsm_automatic.o
 .debug_macro   0x000000000001561e      0x1e2 ./Core/Src/fsm_automatic_2.o
 .debug_macro   0x0000000000015800      0x1e2 ./Core/Src/fsm_manual.o
 .debug_macro   0x00000000000159e2      0x1d8 ./Core/Src/global.o
 .debug_macro   0x0000000000015bba      0x1d8 ./Core/Src/led_control.o
 .debug_macro   0x0000000000015d92      0x1fa ./Core/Src/main.o
 .debug_macro   0x0000000000015f8c       0x1b ./Core/Src/software_timer.o
 .debug_macro   0x0000000000015fa7      0x1a7 ./Core/Src/stm32f1xx_hal_msp.o
 .debug_macro   0x000000000001614e      0x1b1 ./Core/Src/stm32f1xx_it.o
 .debug_macro   0x00000000000162ff      0x198 ./Core/Src/system_stm32f1xx.o
 .debug_macro   0x0000000000016497      0x1bc ./Drivers/STM32F1xx_HAL_Driver/Src/stm32f1xx_hal.o
 .debug_macro   0x0000000000016653      0x198 ./Drivers/STM32F1xx_HAL_Driver/Src/stm32f1xx_hal_cortex.o
 .debug_macro   0x00000000000167eb      0x203 ./Drivers/STM32F1xx_HAL_Driver/Src/stm32f1xx_hal_gpio.o
 .debug_macro   0x00000000000169ee      0x1aa ./Drivers/STM32F1xx_HAL_Driver/Src/stm32f1xx_hal_rcc.o
 .debug_macro   0x0000000000016b98      0x199 ./Drivers/STM32F1xx_HAL_Driver/Src/stm32f1xx_hal_tim.o
 .debug_macro   0x0000000000016d31      0x198 ./Drivers/STM32F1xx_HAL_Driver/Src/stm32f1xx_hal_tim_ex.o

.debug_line     0x0000000000000000     0xc19c
 .debug_line    0x0000000000000000      0x787 ./Core/Src/button.o
 .debug_line    0x0000000000000787      0x729 ./Core/Src/fsm_automatic.o
 .debug_line    0x0000000000000eb0      0x72e ./Core/Src/fsm_automatic_2.o
 .debug_line    0x00000000000015de      0x7b0 ./Core/Src/fsm_manual.o
 .debug_line    0x0000000000001d8e      0x67e ./Core/Src/global.o
 .debug_line    0x000000000000240c      0x910 ./Core/Src/led_control.o
 .debug_line    0x0000000000002d1c      0x80c ./Core/Src/main.o
 .debug_line    0x0000000000003528      0x1ff ./Core/Src/software_timer.o
 .debug_line    0x0000000000003727      0x6a1 ./Core/Src/stm32f1xx_hal_msp.o
 .debug_line    0x0000000000003dc8      0x73f ./Core/Src/stm32f1xx_it.o
 .debug_line    0x0000000000004507      0x6e3 ./Core/Src/system_stm32f1xx.o
 .debug_line    0x0000000000004bea       0x87 ./Core/Startup/startup_stm32f103c6ux.o
 .debug_line    0x0000000000004c71      0x910 ./Drivers/STM32F1xx_HAL_Driver/Src/stm32f1xx_hal.o
 .debug_line    0x0000000000005581      0xaf8 ./Drivers/STM32F1xx_HAL_Driver/Src/stm32f1xx_hal_cortex.o
 .debug_line    0x0000000000006079      0x991 ./Drivers/STM32F1xx_HAL_Driver/Src/stm32f1xx_hal_gpio.o
 .debug_line    0x0000000000006a0a      0xd1e ./Drivers/STM32F1xx_HAL_Driver/Src/stm32f1xx_hal_rcc.o
 .debug_line    0x0000000000007728     0x326e ./Drivers/STM32F1xx_HAL_Driver/Src/stm32f1xx_hal_tim.o
 .debug_line    0x000000000000a996     0x1806 ./Drivers/STM32F1xx_HAL_Driver/Src/stm32f1xx_hal_tim_ex.o

.debug_str      0x0000000000000000    0x8244d
 .debug_str     0x0000000000000000    0x7f705 ./Core/Src/button.o
                                      0x7fa58 (size before relaxing)
 .debug_str     0x000000000007f705      0x1fe ./Core/Src/fsm_automatic.o
                                      0x7faad (size before relaxing)
 .debug_str     0x000000000007f903       0x4a ./Core/Src/fsm_automatic_2.o
                                      0x7fab3 (size before relaxing)
 .debug_str     0x000000000007f94d       0x51 ./Core/Src/fsm_manual.o
                                      0x7faad (size before relaxing)
 .debug_str     0x000000000007f99e       0x15 ./Core/Src/global.o
                                      0x7fa71 (size before relaxing)
 .debug_str     0x000000000007f9b3       0x87 ./Core/Src/led_control.o
                                      0x7fb3d (size before relaxing)
 .debug_str     0x000000000007fa3a      0x6df ./Core/Src/main.o
                                      0x80273 (size before relaxing)
 .debug_str     0x0000000000080119      0x100 ./Core/Src/software_timer.o
                                       0x2ec9 (size before relaxing)
 .debug_str     0x0000000000080219      0x2ba ./Core/Src/stm32f1xx_hal_msp.o
                                      0x800c5 (size before relaxing)
 .debug_str     0x00000000000804d3       0xcd ./Core/Src/stm32f1xx_it.o
                                      0x7fe27 (size before relaxing)
 .debug_str     0x00000000000805a0       0x52 ./Core/Src/system_stm32f1xx.o
                                      0x7f516 (size before relaxing)
 .debug_str     0x00000000000805f2       0x36 ./Core/Startup/startup_stm32f103c6ux.o
                                         0x81 (size before relaxing)
 .debug_str     0x0000000000080628      0x304 ./Drivers/STM32F1xx_HAL_Driver/Src/stm32f1xx_hal.o
                                      0x7fb6d (size before relaxing)
 .debug_str     0x000000000008092c      0x300 ./Drivers/STM32F1xx_HAL_Driver/Src/stm32f1xx_hal_cortex.o
                                      0x7fb75 (size before relaxing)
 .debug_str     0x0000000000080c2c      0x316 ./Drivers/STM32F1xx_HAL_Driver/Src/stm32f1xx_hal_gpio.o
                                      0x7f8da (size before relaxing)
 .debug_str     0x0000000000080f42      0x24f ./Drivers/STM32F1xx_HAL_Driver/Src/stm32f1xx_hal_rcc.o
                                      0x7f913 (size before relaxing)
 .debug_str     0x0000000000081191      0xdce ./Drivers/STM32F1xx_HAL_Driver/Src/stm32f1xx_hal_tim.o
                                      0x808e5 (size before relaxing)
 .debug_str     0x0000000000081f5f      0x4ee ./Drivers/STM32F1xx_HAL_Driver/Src/stm32f1xx_hal_tim_ex.o
                                      0x80096 (size before relaxing)

.comment        0x0000000000000000       0x53
 .comment       0x0000000000000000       0x53 ./Core/Src/button.o
                                         0x54 (size before relaxing)
 .comment       0x0000000000000053       0x54 ./Core/Src/fsm_automatic.o
 .comment       0x0000000000000053       0x54 ./Core/Src/fsm_automatic_2.o
 .comment       0x0000000000000053       0x54 ./Core/Src/fsm_manual.o
 .comment       0x0000000000000053       0x54 ./Core/Src/global.o
 .comment       0x0000000000000053       0x54 ./Core/Src/led_control.o
 .comment       0x0000000000000053       0x54 ./Core/Src/main.o
 .comment       0x0000000000000053       0x54 ./Core/Src/software_timer.o
 .comment       0x0000000000000053       0x54 ./Core/Src/stm32f1xx_hal_msp.o
 .comment       0x0000000000000053       0x54 ./Core/Src/stm32f1xx_it.o
 .comment       0x0000000000000053       0x54 ./Core/Src/system_stm32f1xx.o
 .comment       0x0000000000000053       0x54 ./Drivers/STM32F1xx_HAL_Driver/Src/stm32f1xx_hal.o
 .comment       0x0000000000000053       0x54 ./Drivers/STM32F1xx_HAL_Driver/Src/stm32f1xx_hal_cortex.o
 .comment       0x0000000000000053       0x54 ./Drivers/STM32F1xx_HAL_Driver/Src/stm32f1xx_hal_gpio.o
 .comment       0x0000000000000053       0x54 ./Drivers/STM32F1xx_HAL_Driver/Src/stm32f1xx_hal_rcc.o
 .comment       0x0000000000000053       0x54 ./Drivers/STM32F1xx_HAL_Driver/Src/stm32f1xx_hal_tim.o
 .comment       0x0000000000000053       0x54 ./Drivers/STM32F1xx_HAL_Driver/Src/stm32f1xx_hal_tim_ex.o

.debug_frame    0x0000000000000000     0x2af8
 .debug_frame   0x0000000000000000       0xf8 ./Core/Src/button.o
 .debug_frame   0x00000000000000f8       0x2c ./Core/Src/fsm_automatic.o
 .debug_frame   0x0000000000000124       0x2c ./Core/Src/fsm_automatic_2.o
 .debug_frame   0x0000000000000150       0x2c ./Core/Src/fsm_manual.o
 .debug_frame   0x000000000000017c      0x1f0 ./Core/Src/led_control.o
 .debug_frame   0x000000000000036c       0xd4 ./Core/Src/main.o
 .debug_frame   0x0000000000000440      0x1c0 ./Core/Src/software_timer.o
 .debug_frame   0x0000000000000600       0x80 ./Core/Src/stm32f1xx_hal_msp.o
 .debug_frame   0x0000000000000680      0x120 ./Core/Src/stm32f1xx_it.o
 .debug_frame   0x00000000000007a0       0x58 ./Core/Src/system_stm32f1xx.o
 .debug_frame   0x00000000000007f8      0x334 ./Drivers/STM32F1xx_HAL_Driver/Src/stm32f1xx_hal.o
 .debug_frame   0x0000000000000b2c      0x428 ./Drivers/STM32F1xx_HAL_Driver/Src/stm32f1xx_hal_cortex.o
 .debug_frame   0x0000000000000f54      0x14c ./Drivers/STM32F1xx_HAL_Driver/Src/stm32f1xx_hal_gpio.o
 .debug_frame   0x00000000000010a0      0x21c ./Drivers/STM32F1xx_HAL_Driver/Src/stm32f1xx_hal_rcc.o
 .debug_frame   0x00000000000012bc     0x11b8 ./Drivers/STM32F1xx_HAL_Driver/Src/stm32f1xx_hal_tim.o
 .debug_frame   0x0000000000002474      0x638 ./Drivers/STM32F1xx_HAL_Driver/Src/stm32f1xx_hal_tim_ex.o
 .debug_frame   0x0000000000002aac       0x2c c:/st/stm32cubeide_1.7.0/stm32cubeide/plugins/com.st.stm32cube.ide.mcu.externaltools.gnu-tools-for-stm32.9-2020-q2-update.win32_2.0.0.202105311346/tools/bin/../lib/gcc/arm-none-eabi/9.3.1/../../../../arm-none-eabi/lib/thumb/v7-m/nofp\libc_nano.a(lib_a-init.o)
 .debug_frame   0x0000000000002ad8       0x20 c:/st/stm32cubeide_1.7.0/stm32cubeide/plugins/com.st.stm32cube.ide.mcu.externaltools.gnu-tools-for-stm32.9-2020-q2-update.win32_2.0.0.202105311346/tools/bin/../lib/gcc/arm-none-eabi/9.3.1/../../../../arm-none-eabi/lib/thumb/v7-m/nofp\libc_nano.a(lib_a-memset.o)
