led_control.c:11:6:red	16	static
led_control.c:28:6:yellow	16	static
led_control.c:45:6:green	16	static
led_control.c:62:6:toggleRed	16	static
led_control.c:79:6:toggleGreen	16	static
led_control.c:96:6:toggleYellow	16	static
led_control.c:114:6:led1Update	16	static
led_control.c:216:6:led2Update	16	static
led_control.c:318:6:setLED	16	static
led_control.c:331:6:clearAllLights	16	static
led_control.c:335:6:countDownTime	8	static
led_control.c:343:6:blinkRed	8	static
led_control.c:351:6:blinkGreen	8	static
led_control.c:359:6:blinkYellow	8	static
